// Jest Snapshot v1, https://goo.gl/fbAQLP

exports[`LocFile data dir info 1`] = `
Object {
  "code": 264,
  "comment": 51,
  "total": 378,
}
`;

exports[`LocFile data dir info 2`] = `
Object {
  "javascript": Object {
    "code": 70,
    "comment": 5,
    "sum": 1,
    "total": 83,
  },
  "markdown": Object {
    "code": 94,
    "comment": 0,
    "sum": 1,
    "total": 126,
  },
  "typescript": Object {
    "code": 100,
    "comment": 46,
    "sum": 1,
    "total": 169,
  },
}
`;

exports[`LocFile example dir info 1`] = `
Object {
  "code": 5200,
  "comment": 234,
  "total": 5950,
}
`;

exports[`LocFile example dir info 2`] = `
Object {
  "": Object {
    "code": 0,
    "comment": 0,
    "sum": 1,
    "total": 0,
  },
  "ejs": Object {
    "code": 199,
    "comment": 0,
    "sum": 1,
    "total": 215,
  },
  "javascript": Object {
    "code": 44,
    "comment": 29,
    "sum": 2,
    "total": 81,
  },
  "json": Object {
    "code": 50,
    "comment": 10,
    "sum": 3,
    "total": 61,
  },
  "less": Object {
    "code": 488,
    "comment": 3,
    "sum": 12,
    "total": 558,
  },
  "markdown": Object {
    "code": 36,
    "comment": 0,
    "sum": 1,
    "total": 58,
  },
  "svg": Object {
    "code": 2,
    "comment": 0,
    "sum": 2,
    "total": 2,
  },
  "typescript": Object {
    "code": 4381,
    "comment": 192,
    "sum": 85,
    "total": 4975,
  },
}
`;
